###############################################################################
#
# IAR ELF Linker V3.10.1.201 for STM8                     07/Nov/2018  21:46:52
# Copyright 2010-2017 IAR Systems AB.
#
#    Output file  =  
#        C:\Users\duy\Desktop\Hoc_Nhung\STM_8S\Bai_3\Debug\Exe\Dong_Ho.out
#    Map file     =  
#        C:\Users\duy\Desktop\Hoc_Nhung\STM_8S\Bai_3\Debug\List\Dong_Ho.map
#    Command line =  
#        -f C:\Users\duy\AppData\Local\Temp\EWB888.tmp
#        (C:\Users\duy\Desktop\Hoc_Nhung\STM_8S\Bai_3\Debug\Obj\main.o
#        --redirect _Printf=_PrintfFullNoMb --redirect _Scanf=_ScanfFullNoMb -o
#        C:\Users\duy\Desktop\Hoc_Nhung\STM_8S\Bai_3\Debug\Exe\Dong_Ho.out
#        --map
#        C:\Users\duy\Desktop\Hoc_Nhung\STM_8S\Bai_3\Debug\List\Dong_Ho.map
#        --config "C:\Program Files (x86)\IAR Systems\Embedded Workbench
#        8.0\stm8\config\lnkstm8s003f3.icf" --config_def _CSTACK_SIZE=0x100
#        --config_def _HEAP_SIZE=0x100 --entry __iar_program_start --debug_lib)
#
###############################################################################

*******************************************************************************
*** RUNTIME MODEL ATTRIBUTES
***

__SystemLibrary            = DLib
__code_model               = small
__core                     = stm8
__data_model               = medium
__dlib_file_descriptor     = 0
__dlib_full_locale_support = 0
__rt_version               = 4


*******************************************************************************
*** PLACEMENT SUMMARY
***

"A0":  place at start of [0x000000-0x0000ff] { rw section .vregs };
"A1":  place at end of [0x000000-0x0003ff] { block CSTACK };
"P2":  place in [from 0x000000 to 0x0003ff] {
          block HEAP, rw section __DLIB_PERTHREAD, rw section .far.bss,
          rw section .far.data, rw section .far.noinit,
          rw section .far_func.textrw, rw section .huge.bss,
          rw section .huge.data, rw section .huge.noinit,
          rw section .huge_func.textrw, rw section .iar.dynexit,
          rw section .near.bss, rw section .near.data, rw section .near.noinit,
          rw section .near_func.textrw };
"A2":  place at start of [0x008000-0x009fff] { block INTVEC };
"P3":  place in [from 0x008000 to 0x009fff] {
          ro section __DLIB_PERTHREAD_init, ro section .far.data_init,
          ro section .far_func.textrw_init, ro section .huge.data_init,
          ro section .huge_func.textrw_init, ro section .iar.init_table,
          ro section .init_array, ro section .near.data_init,
          ro section .near.rodata, ro section .near_func.text,
          ro section .near_func.textrw_init, ro section .tiny.data_init,
          ro section .tiny.rodata_init };
"P4":  place in [from 0x008000 to 0x009fff] {
          ro section .far.rodata, ro section .far_func.text };
"P5":  place in [from 0x008000 to 0x009fff] {
          ro section .huge.rodata, ro section .huge_func.text };
do not initialize {
   rw section .eeprom.noinit, rw section .far.noinit, rw section .huge.noinit,
   rw section .near.noinit, rw section .tiny.noinit, rw section .vregs };
initialize by copy {
   rw section .far.bss, rw section .far.data, rw section .far_func.textrw,
   rw section .huge.bss, rw section .huge.data, rw section .huge_func.textrw,
   rw section .iar.dynexit, rw section .near.bss, rw section .near.data,
   rw section .near_func.textrw, rw section .tiny.bss, rw section .tiny.data,
   ro section .tiny.rodata };

  Section            Kind      Address   Size  Object
  -------            ----      -------   ----  ------
"A0":                                     0xc
  .vregs             uninit   0x000000    0xc  vregs.o [4]
                            - 0x00000c    0xc

"P2", part 1 of 2:                        0x9
  P2-1                        0x00000c    0x9  <Init block>
    .near.data       inited   0x00000c    0x8  main.o [1]
    .near.data       inited   0x000014    0x1  main.o [1]
                            - 0x000015    0x9

"P2", part 2 of 2:                      0x152
  .near.bss          zero     0x000015   0xff  main.o [1]
  .near.bss          zero     0x000114   0x28  main.o [1]
  .near.bss          zero     0x00013c   0x28  main.o [1]
  .near.bss          zero     0x000164    0x1  main.o [1]
  .near.bss          zero     0x000165    0x1  main.o [1]
  .near.bss          zero     0x000166    0x1  main.o [1]
                            - 0x000167  0x152

"A1":                                   0x100
  CSTACK                      0x000300  0x100  <Block>
    CSTACK           uninit   0x000300  0x100  <Block tail>
                            - 0x000400  0x100

Absolute sections, part 1 of 14:          0x1
  .near.noinit       uninit   0x005000    0x1  main.o [1]
                            - 0x005001    0x1

Absolute sections, part 2 of 14:          0x2
  .near.noinit       uninit   0x005002    0x1  main.o [1]
  .near.noinit       uninit   0x005003    0x1  main.o [1]
                            - 0x005004    0x2

Absolute sections, part 3 of 14:          0x1
  .near.noinit       uninit   0x00500a    0x1  main.o [1]
                            - 0x00500b    0x1

Absolute sections, part 4 of 14:          0x2
  .near.noinit       uninit   0x00500c    0x1  main.o [1]
  .near.noinit       uninit   0x00500d    0x1  main.o [1]
                            - 0x00500e    0x2

Absolute sections, part 5 of 14:          0x1
  .near.noinit       uninit   0x00500f    0x1  main.o [1]
                            - 0x005010    0x1

Absolute sections, part 6 of 14:          0x2
  .near.noinit       uninit   0x005011    0x1  main.o [1]
  .near.noinit       uninit   0x005012    0x1  main.o [1]
                            - 0x005013    0x2

Absolute sections, part 7 of 14:          0x2
  .near.noinit       uninit   0x0050c0    0x1  main.o [1]
  .near.noinit       uninit   0x0050c1    0x1  main.o [1]
                            - 0x0050c2    0x2

Absolute sections, part 8 of 14:          0x3
  .near.noinit       uninit   0x0050c4    0x1  main.o [1]
  .near.noinit       uninit   0x0050c5    0x1  main.o [1]
  .near.noinit       uninit   0x0050c6    0x1  main.o [1]
                            - 0x0050c7    0x3

Absolute sections, part 9 of 14:          0x1
  .near.noinit       uninit   0x0050f3    0x1  main.o [1]
                            - 0x0050f4    0x1

Absolute sections, part 10 of 14:         0x2
  .near.noinit       uninit   0x005200    0x1  main.o [1]
  .near.noinit       uninit   0x005201    0x1  main.o [1]
                            - 0x005202    0x2

Absolute sections, part 11 of 14:         0x2
  .near.noinit       uninit   0x005203    0x1  main.o [1]
  .near.noinit       uninit   0x005204    0x1  main.o [1]
                            - 0x005205    0x2

Absolute sections, part 12 of 14:         0x1
  .near.noinit       uninit   0x005300    0x1  main.o [1]
                            - 0x005301    0x1

Absolute sections, part 13 of 14:         0x2
  .near.noinit       uninit   0x005303    0x1  main.o [1]
  .near.noinit       uninit   0x005304    0x1  main.o [1]
                            - 0x005305    0x2

Absolute sections, part 14 of 14:         0x3
  .near.noinit       uninit   0x00530e    0x1  main.o [1]
  .near.noinit       uninit   0x00530f    0x1  main.o [1]
  .near.noinit       uninit   0x005310    0x1  main.o [1]
                            - 0x005311    0x3

"A2":                                    0x80
  INTVEC                      0x008000   0x80  <Block>
    .intvec          const    0x008000   0x80  interrupt.o [4]
                            - 0x008080   0x80

"P3-P5":                                0x778
  .near_func.text    ro code  0x008080  0x226  main.o [1]
  .near.rodata       const    0x0082a6  0x1db  main.o [1]
  .near_func.text    ro code  0x008481   0xe4  main.o [1]
  .near_func.text    ro code  0x008565   0xb2  main.o [1]
  .near_func.text    ro code  0x008617   0x8d  main.o [1]
  .near_func.text    ro code  0x0086a4   0x37  vreg_util.o [4]
  .near_func.text    ro code  0x0086db   0x2c  main.o [1]
  .near_func.text    ro code  0x008707   0x28  init_small.o [4]
  .near_func.text    ro code  0x00872f   0x26  short.o [4]
  .iar.init_table    const    0x008755   0x12  - Linker created -
  .near_func.text    ro code  0x008767   0x1e  init_small.o [4]
  .near_func.text    ro code  0x008785   0x14  init.o [4]
  .near_func.text    ro code  0x008799   0x14  __dbg_xxexit.o [3]
  .near_func.text    ro code  0x0087ad   0x13  main.o [1]
  .near_func.text    ro code  0x0087c0   0x13  cstartup.o [4]
  Initializer bytes  const    0x0087d3    0x9  <for P2-1>
  .near_func.text    ro code  0x0087dc    0x6  char.o [4]
  .near_func.text    ro code  0x0087e2    0x5  cexit.o [4]
  .near.rodata       const    0x0087e7    0x4  main.o [1]
  .near_func.text    ro code  0x0087eb    0x3  interrupt.o [4]
  .near_func.text    ro code  0x0087ee    0x3  low_level_init.o [4]
  .near_func.text    ro code  0x0087f1    0x3  exit.o [4]
  .near_func.text    ro code  0x0087f4    0x3  unhandled_exception.o [4]
  .near_func.text    ro code  0x0087f7    0x1  __dbg_break.o [3]
                            - 0x0087f8  0x778


*******************************************************************************
*** INIT TABLE
***

          Address   Size
          -------   ----
Zero (__iar_zero_init2)
    1 destination range, total size 0x152:
          0x000015  0x152

Copy (__iar_copy_init2)
    1 source range, total size 0x9:
          0x0087d3    0x9
    1 destination range, total size 0x9:
          0x00000c    0x9



*******************************************************************************
*** MODULE SUMMARY
***

    Module                 ro code  ro data  rw data  rw data
                                                       (abs)
    ------                 -------  -------  -------  -------
C:\Users\duy\Desktop\Hoc_Nhung\STM_8S\Bai_3\Debug\Obj: [1]
    main.o                   1 160      488      347       25
    ---------------------------------------------------------
    Total:                   1 160      488      347       25

command line: [2]
    ---------------------------------------------------------
    Total:

dbgstm8smd.a: [3]
    __dbg_break.o                1
    __dbg_xxexit.o              20
    ---------------------------------------------------------
    Total:                      21

dlstm8smn.a: [4]
    cexit.o                      5
    char.o                       6
    cstartup.o                  19
    exit.o                       3
    init.o                      20
    init_small.o                70
    interrupt.o                  3      128
    low_level_init.o             3
    short.o                     38
    unhandled_exception.o        3
    vreg_util.o                 55
    vregs.o                                       12
    ---------------------------------------------------------
    Total:                     225      128       12

    Linker created                       18      256
-------------------------------------------------------------
    Grand Total:             1 406      634      615       25


*******************************************************************************
*** ENTRY LIST
***

Entry                    Address   Size  Type      Object
-----                    -------   ----  ----      ------
.iar.init_table$$Base   0x008755          --   Gb  - Linker created -
.iar.init_table$$Limit  0x008767          --   Gb  - Linker created -
?b0                     0x000000         Data  Gb  vregs.o [4]
?b1                     0x000001         Data  Gb  vregs.o [4]
?b10                    0x00000a         Data  Gb  vregs.o [4]
?b11                    0x00000b         Data  Gb  vregs.o [4]
?b2                     0x000002         Data  Gb  vregs.o [4]
?b3                     0x000003         Data  Gb  vregs.o [4]
?b4                     0x000004         Data  Gb  vregs.o [4]
?b5                     0x000005         Data  Gb  vregs.o [4]
?b6                     0x000006         Data  Gb  vregs.o [4]
?b7                     0x000007         Data  Gb  vregs.o [4]
?b8                     0x000008         Data  Gb  vregs.o [4]
?b9                     0x000009         Data  Gb  vregs.o [4]
?e0                     0x000001         Data  Gb  vregs.o [4]
?e1                     0x000005         Data  Gb  vregs.o [4]
?e2                     0x000009         Data  Gb  vregs.o [4]
?epilogue_w4            0x0086d7         Code  Gb  vreg_util.o [4]
?l0                     0x000000         Data  Gb  vregs.o [4]
?l1                     0x000004         Data  Gb  vregs.o [4]
?l2                     0x000008         Data  Gb  vregs.o [4]
?mul16_x_x_w0           0x00872f         Code  Gb  short.o [4]
?pop_w0                 0x0086c1         Code  Gb  vreg_util.o [4]
?pop_w4                 0x0086c8         Code  Gb  vreg_util.o [4]
?push_w0                0x0086a4         Code  Gb  vreg_util.o [4]
?push_w4                0x0086a9         Code  Gb  vreg_util.o [4]
?sra16_x_x_a            0x00874d         Code  Gb  short.o [4]
?srl8_a_a_5             0x0087dd         Code  Gb  char.o [4]
?srl8_a_a_6             0x0087dc         Code  Gb  char.o [4]
?w0                     0x000000         Data  Gb  vregs.o [4]
?w1                     0x000002         Data  Gb  vregs.o [4]
?w2                     0x000004         Data  Gb  vregs.o [4]
?w3                     0x000006         Data  Gb  vregs.o [4]
?w4                     0x000008         Data  Gb  vregs.o [4]
?w5                     0x00000a         Data  Gb  vregs.o [4]
CLK_SWR                 0x0050c4    0x1  Data  Gb  main.o [1]
CSTACK$$Base            0x000300          --   Gb  - Linker created -
CSTACK$$Limit           0x000400          --   Gb  - Linker created -
Day_Data_Led            0x0080c5   0x44  Code  Gb  main.o [1]
FONT_5X7                0x0082a6  0x1db  Data  Gb  main.o [1]
INTVEC$$Base            0x008000          --   Gb  - Linker created -
INTVEC$$Limit           0x008080          --   Gb  - Linker created -
Init_all                0x008565   0xb2  Code  Gb  main.o [1]
Region$$Table$$Base     0x008755          --   Gb  - Linker created -
Region$$Table$$Limit    0x008767          --   Gb  - Linker created -
SPI_DR                  0x005204    0x1  Data  Gb  main.o [1]
Spi_write               0x0080bc    0x9  Code  Gb  main.o [1]
TIM2_ARRH               0x00530f    0x1  Data  Gb  main.o [1]
TIM2_ARRL               0x005310    0x1  Data  Gb  main.o [1]
TIME_COI                0x000165    0x1  Data  Gb  main.o [1]
Xoa_mang                0x008481   0xe4  Code  Gb  main.o [1]
_A_BEEP_CSR             0x0050f3    0x1  Data  Gb  main.o [1]
_A_CLK_CKDIVR           0x0050c6    0x1  Data  Gb  main.o [1]
_A_CLK_ECKR             0x0050c1    0x1  Data  Gb  main.o [1]
_A_CLK_ICKR             0x0050c0    0x1  Data  Gb  main.o [1]
_A_CLK_SWCR             0x0050c5    0x1  Data  Gb  main.o [1]
_A_PA_CR1               0x005003    0x1  Data  Gb  main.o [1]
_A_PA_DDR               0x005002    0x1  Data  Gb  main.o [1]
_A_PA_ODR               0x005000    0x1  Data  Gb  main.o [1]
_A_PC_CR1               0x00500d    0x1  Data  Gb  main.o [1]
_A_PC_DDR               0x00500c    0x1  Data  Gb  main.o [1]
_A_PC_ODR               0x00500a    0x1  Data  Gb  main.o [1]
_A_PD_CR1               0x005012    0x1  Data  Gb  main.o [1]
_A_PD_DDR               0x005011    0x1  Data  Gb  main.o [1]
_A_PD_ODR               0x00500f    0x1  Data  Gb  main.o [1]
_A_SPI_CR1              0x005200    0x1  Data  Gb  main.o [1]
_A_SPI_CR2              0x005201    0x1  Data  Gb  main.o [1]
_A_SPI_SR               0x005203    0x1  Data  Gb  main.o [1]
_A_TIM2_CR1             0x005300    0x1  Data  Gb  main.o [1]
_A_TIM2_IER             0x005303    0x1  Data  Gb  main.o [1]
_A_TIM2_PSCR            0x00530e    0x1  Data  Gb  main.o [1]
_A_TIM2_SR1             0x005304    0x1  Data  Gb  main.o [1]
__DebugBreak            0x0087f7    0x1  Code  Gb  __dbg_break.o [3]
__exit                  0x008799   0x14  Code  Gb  __dbg_xxexit.o [3]
__iar_copy_init2        0x008707         Code  Gb  init_small.o [4]
__iar_data_init2        0x008785   0x14  Code  Gb  init.o [4]
__iar_program_start     0x0087c0         Code  Gb  cstartup.o [4]
__iar_unhandled_exception
                        0x0087f4         Code  Gb  unhandled_exception.o [4]
__iar_zero_init2        0x008767         Code  Gb  init_small.o [4]
__intvec                0x008000         Data  Gb  interrupt.o [4]
__low_level_init        0x0087ee    0x3  Code  Gb  low_level_init.o [4]
_exit                   0x0087e2         Code  Gb  cexit.o [4]
_interrupt_15           0x008617         Code  Gb  main.o [1]
bat_coi                 0x000164    0x1  Data  Gb  main.o [1]
bien                    0x000015   0xff  Data  Gb  main.o [1]
delay_ms                0x008080   0x1a  Code  Gb  main.o [1]
delay_us                0x0087ad   0x13  Code  Gb  main.o [1]
exit                    0x0087f1    0x3  Code  Gb  exit.o [4]
ma_quet                 0x00000c    0x8  Data  Gb  main.o [1]
main                    0x0086db   0x2c  Code  Gb  main.o [1]
matrix_led              0x000114   0x28  Data  Gb  main.o [1]
matrix_led_dem          0x00013c   0x28  Data  Gb  main.o [1]
my_hanler               0x008617   0x8d  Code  Gb  main.o [1]
my_hanler::dem_coi      0x000166    0x1  Data  Lc  main.o [1]
my_hanler::scan_led     0x000014    0x1  Data  Lc  main.o [1]
quet_led                0x008109   0x7a  Code  Gb  main.o [1]
reset_data              0x00809a   0x22  Code  Gb  main.o [1]
set_pixel               0x008183   0x8a  Code  Gb  main.o [1]
show_char               0x00820d   0x72  Code  Gb  main.o [1]
show_string             0x00827f   0x27  Code  Gb  main.o [1]


[1] = C:\Users\duy\Desktop\Hoc_Nhung\STM_8S\Bai_3\Debug\Obj
[2] = command line
[3] = dbgstm8smd.a
[4] = dlstm8smn.a

  1 406 bytes of readonly  code memory
    634 bytes of readonly  data memory
    615 bytes of readwrite data memory (+ 25 absolute)

Errors: none
Warnings: none
