###############################################################################
#
# IAR ELF Linker V3.10.1.201 for STM8                     22/Oct/2018  20:57:45
# Copyright 2010-2017 IAR Systems AB.
#
#    Output file  =  
#        C:\Users\duy\Desktop\Hoc_Nhung\STM_8S\Bai_3\Release\Exe\Dong_Ho.out
#    Map file     =  
#        C:\Users\duy\Desktop\Hoc_Nhung\STM_8S\Bai_3\Release\List\Dong_Ho.map
#    Command line =  
#        -f C:\Users\duy\AppData\Local\Temp\EW2DD8.tmp
#        (C:\Users\duy\Desktop\Hoc_Nhung\STM_8S\Bai_3\Release\Obj\main.o
#        --redirect _Printf=_PrintfFullNoMb --redirect _Scanf=_ScanfFullNoMb -o
#        C:\Users\duy\Desktop\Hoc_Nhung\STM_8S\Bai_3\Release\Exe\Dong_Ho.out
#        --map
#        C:\Users\duy\Desktop\Hoc_Nhung\STM_8S\Bai_3\Release\List\Dong_Ho.map
#        --config "C:\Program Files (x86)\IAR Systems\Embedded Workbench
#        8.0\stm8\config\lnkstm8s003f3.icf" --config_def _CSTACK_SIZE=0x100
#        --config_def _HEAP_SIZE=0x100 --entry __iar_program_start)
#
###############################################################################

*******************************************************************************
*** RUNTIME MODEL ATTRIBUTES
***

__SystemLibrary            = DLib
__code_model               = small
__core                     = stm8
__data_model               = medium
__dlib_file_descriptor     = 0
__dlib_full_locale_support = 0
__rt_version               = 4


*******************************************************************************
*** PLACEMENT SUMMARY
***

"A0":  place at start of [0x000000-0x0000ff] { rw section .vregs };
"A1":  place at end of [0x000000-0x0003ff] { block CSTACK };
"P2":  place in [from 0x000000 to 0x0003ff] {
          block HEAP, rw section __DLIB_PERTHREAD, rw section .far.bss,
          rw section .far.data, rw section .far.noinit,
          rw section .far_func.textrw, rw section .huge.bss,
          rw section .huge.data, rw section .huge.noinit,
          rw section .huge_func.textrw, rw section .iar.dynexit,
          rw section .near.bss, rw section .near.data, rw section .near.noinit,
          rw section .near_func.textrw };
"A2":  place at start of [0x008000-0x009fff] { block INTVEC };
"P3":  place in [from 0x008000 to 0x009fff] {
          ro section __DLIB_PERTHREAD_init, ro section .far.data_init,
          ro section .far_func.textrw_init, ro section .huge.data_init,
          ro section .huge_func.textrw_init, ro section .iar.init_table,
          ro section .init_array, ro section .near.data_init,
          ro section .near.rodata, ro section .near_func.text,
          ro section .near_func.textrw_init, ro section .tiny.data_init,
          ro section .tiny.rodata_init };
"P4":  place in [from 0x008000 to 0x009fff] {
          ro section .far.rodata, ro section .far_func.text };
"P5":  place in [from 0x008000 to 0x009fff] {
          ro section .huge.rodata, ro section .huge_func.text };
do not initialize {
   rw section .eeprom.noinit, rw section .far.noinit, rw section .huge.noinit,
   rw section .near.noinit, rw section .tiny.noinit, rw section .vregs };
initialize by copy {
   rw section .far.bss, rw section .far.data, rw section .far_func.textrw,
   rw section .huge.bss, rw section .huge.data, rw section .huge_func.textrw,
   rw section .iar.dynexit, rw section .near.bss, rw section .near.data,
   rw section .near_func.textrw, rw section .tiny.bss, rw section .tiny.data,
   ro section .tiny.rodata };

  Section            Kind      Address   Size  Object
  -------            ----      -------   ----  ------
"A0":                                     0xc
  .vregs             uninit   0x000000    0xc  vregs.o [4]
                            - 0x00000c    0xc

"P2", part 1 of 2:                        0x1
  P2-1                        0x00000c    0x1  <Init block>
    .near.data       inited   0x00000c    0x1  main.o [1]
                            - 0x00000d    0x1

"P2", part 2 of 2:                      0x128
  .near.bss          zero     0x00000d  0x100  main.o [1]
  .near.bss          zero     0x00010d   0x28  main.o [1]
                            - 0x000135  0x128

"A1":                                   0x100
  CSTACK                      0x000300  0x100  <Block>
    CSTACK           uninit   0x000300  0x100  <Block tail>
                            - 0x000400  0x100

Absolute sections, part 1 of 13:          0x1
  .near.noinit       uninit   0x005000    0x1  main.o [1]
                            - 0x005001    0x1

Absolute sections, part 2 of 13:          0x2
  .near.noinit       uninit   0x005002    0x1  main.o [1]
  .near.noinit       uninit   0x005003    0x1  main.o [1]
                            - 0x005004    0x2

Absolute sections, part 3 of 13:          0x1
  .near.noinit       uninit   0x00500a    0x1  main.o [1]
                            - 0x00500b    0x1

Absolute sections, part 4 of 13:          0x2
  .near.noinit       uninit   0x00500c    0x1  main.o [1]
  .near.noinit       uninit   0x00500d    0x1  main.o [1]
                            - 0x00500e    0x2

Absolute sections, part 5 of 13:          0x1
  .near.noinit       uninit   0x00500f    0x1  main.o [1]
                            - 0x005010    0x1

Absolute sections, part 6 of 13:          0x2
  .near.noinit       uninit   0x005011    0x1  main.o [1]
  .near.noinit       uninit   0x005012    0x1  main.o [1]
                            - 0x005013    0x2

Absolute sections, part 7 of 13:          0x2
  .near.noinit       uninit   0x0050c0    0x1  main.o [1]
  .near.noinit       uninit   0x0050c1    0x1  main.o [1]
                            - 0x0050c2    0x2

Absolute sections, part 8 of 13:          0x3
  .near.noinit       uninit   0x0050c4    0x1  main.o [1]
  .near.noinit       uninit   0x0050c5    0x1  main.o [1]
  .near.noinit       uninit   0x0050c6    0x1  main.o [1]
                            - 0x0050c7    0x3

Absolute sections, part 9 of 13:          0x2
  .near.noinit       uninit   0x005200    0x1  main.o [1]
  .near.noinit       uninit   0x005201    0x1  main.o [1]
                            - 0x005202    0x2

Absolute sections, part 10 of 13:         0x2
  .near.noinit       uninit   0x005203    0x1  main.o [1]
  .near.noinit       uninit   0x005204    0x1  main.o [1]
                            - 0x005205    0x2

Absolute sections, part 11 of 13:         0x1
  .near.noinit       uninit   0x005300    0x1  main.o [1]
                            - 0x005301    0x1

Absolute sections, part 12 of 13:         0x2
  .near.noinit       uninit   0x005303    0x1  main.o [1]
  .near.noinit       uninit   0x005304    0x1  main.o [1]
                            - 0x005305    0x2

Absolute sections, part 13 of 13:         0x3
  .near.noinit       uninit   0x00530e    0x1  main.o [1]
  .near.noinit       uninit   0x00530f    0x1  main.o [1]
  .near.noinit       uninit   0x005310    0x1  main.o [1]
                            - 0x005311    0x3

"A2":                                    0x80
  INTVEC                      0x008000   0x80  <Block>
    .intvec          const    0x008000   0x80  interrupt.o [4]
                            - 0x008080   0x80

"P3-P5":                                0x24f
  .near_func.text    ro code  0x008080   0xa6  main.o [1]
  .near_func.text    ro code  0x008126   0x71  main.o [1]
  .near_func.text    ro code  0x008197   0x51  main.o [1]
  .near_func.text    ro code  0x0081e8   0x28  init_small.o [4]
  .near_func.text    ro code  0x008210   0x24  main.o [1]
  .near_func.text    ro code  0x008234   0x22  main.o [1]
  .iar.init_table    const    0x008256   0x12  - Linker created -
  .near_func.text    ro code  0x008268   0x1e  init_small.o [4]
  .near_func.text    ro code  0x008286   0x14  init.o [4]
  .near_func.text    ro code  0x00829a   0x13  cstartup.o [4]
  .near_func.text    ro code  0x0082ad    0x8  main.o [1]
  .near_func.text    ro code  0x0082b5    0x6  char.o [4]
  .near_func.text    ro code  0x0082bb    0x5  cexit.o [4]
  .near_func.text    ro code  0x0082c0    0x3  interrupt.o [4]
  .near_func.text    ro code  0x0082c3    0x3  low_level_init.o [4]
  .near_func.text    ro code  0x0082c6    0x3  exit.o [4]
  .near_func.text    ro code  0x0082c9    0x3  unhandled_exception.o [4]
  .near_func.text    ro code  0x0082cc    0x2  xxexit.o [3]
  Initializer bytes  const    0x0082ce    0x1  <for P2-1>
                            - 0x0082cf  0x24f


*******************************************************************************
*** INIT TABLE
***

          Address   Size
          -------   ----
Zero (__iar_zero_init2)
    1 destination range, total size 0x128:
          0x00000d  0x128

Copy (__iar_copy_init2)
    1 source range, total size 0x1:
          0x0082ce    0x1
    1 destination range, total size 0x1:
          0x00000c    0x1



*******************************************************************************
*** MODULE SUMMARY
***

    Module                 ro code  ro data  rw data  rw data
                                                       (abs)
    ------                 -------  -------  -------  -------
C:\Users\duy\Desktop\Hoc_Nhung\STM_8S\Bai_3\Release\Obj: [1]
    main.o                     438        1      297       24
    ---------------------------------------------------------
    Total:                     438        1      297       24

command line: [2]
    ---------------------------------------------------------
    Total:

dbgstm8smn.a: [3]
    xxexit.o                     2
    ---------------------------------------------------------
    Total:                       2

dlstm8smn.a: [4]
    cexit.o                      5
    char.o                       6
    cstartup.o                  19
    exit.o                       3
    init.o                      20
    init_small.o                70
    interrupt.o                  3      128
    low_level_init.o             3
    unhandled_exception.o        3
    vregs.o                                       12
    ---------------------------------------------------------
    Total:                     132      128       12

    Linker created                       18      256
-------------------------------------------------------------
    Grand Total:               572      147      565       24


*******************************************************************************
*** ENTRY LIST
***

Entry                    Address   Size  Type      Object
-----                    -------   ----  ----      ------
.iar.init_table$$Base   0x008256          --   Gb  - Linker created -
.iar.init_table$$Limit  0x008268          --   Gb  - Linker created -
?b0                     0x000000         Data  Gb  vregs.o [4]
?b1                     0x000001         Data  Gb  vregs.o [4]
?b10                    0x00000a         Data  Gb  vregs.o [4]
?b11                    0x00000b         Data  Gb  vregs.o [4]
?b2                     0x000002         Data  Gb  vregs.o [4]
?b3                     0x000003         Data  Gb  vregs.o [4]
?b4                     0x000004         Data  Gb  vregs.o [4]
?b5                     0x000005         Data  Gb  vregs.o [4]
?b6                     0x000006         Data  Gb  vregs.o [4]
?b7                     0x000007         Data  Gb  vregs.o [4]
?b8                     0x000008         Data  Gb  vregs.o [4]
?b9                     0x000009         Data  Gb  vregs.o [4]
?e0                     0x000001         Data  Gb  vregs.o [4]
?e1                     0x000005         Data  Gb  vregs.o [4]
?e2                     0x000009         Data  Gb  vregs.o [4]
?l0                     0x000000         Data  Gb  vregs.o [4]
?l1                     0x000004         Data  Gb  vregs.o [4]
?l2                     0x000008         Data  Gb  vregs.o [4]
?srl8_a_a_5             0x0082b6         Code  Gb  char.o [4]
?srl8_a_a_6             0x0082b5         Code  Gb  char.o [4]
?w0                     0x000000         Data  Gb  vregs.o [4]
?w1                     0x000002         Data  Gb  vregs.o [4]
?w2                     0x000004         Data  Gb  vregs.o [4]
?w3                     0x000006         Data  Gb  vregs.o [4]
?w4                     0x000008         Data  Gb  vregs.o [4]
?w5                     0x00000a         Data  Gb  vregs.o [4]
CLK_SWR                 0x0050c4    0x1  Data  Gb  main.o [1]
CSTACK$$Base            0x000300          --   Gb  - Linker created -
CSTACK$$Limit           0x000400          --   Gb  - Linker created -
INTVEC$$Base            0x008000          --   Gb  - Linker created -
INTVEC$$Limit           0x008080          --   Gb  - Linker created -
Init_all                0x008080   0xa6  Code  Gb  main.o [1]
Region$$Table$$Base     0x008256          --   Gb  - Linker created -
Region$$Table$$Limit    0x008268          --   Gb  - Linker created -
SPI_DR                  0x005204    0x1  Data  Gb  main.o [1]
TIM2_ARRH               0x00530f    0x1  Data  Gb  main.o [1]
TIM2_ARRL               0x005310    0x1  Data  Gb  main.o [1]
_A_CLK_CKDIVR           0x0050c6    0x1  Data  Gb  main.o [1]
_A_CLK_ECKR             0x0050c1    0x1  Data  Gb  main.o [1]
_A_CLK_ICKR             0x0050c0    0x1  Data  Gb  main.o [1]
_A_CLK_SWCR             0x0050c5    0x1  Data  Gb  main.o [1]
_A_PA_CR1               0x005003    0x1  Data  Gb  main.o [1]
_A_PA_DDR               0x005002    0x1  Data  Gb  main.o [1]
_A_PA_ODR               0x005000    0x1  Data  Gb  main.o [1]
_A_PC_CR1               0x00500d    0x1  Data  Gb  main.o [1]
_A_PC_DDR               0x00500c    0x1  Data  Gb  main.o [1]
_A_PC_ODR               0x00500a    0x1  Data  Gb  main.o [1]
_A_PD_CR1               0x005012    0x1  Data  Gb  main.o [1]
_A_PD_DDR               0x005011    0x1  Data  Gb  main.o [1]
_A_PD_ODR               0x00500f    0x1  Data  Gb  main.o [1]
_A_SPI_CR1              0x005200    0x1  Data  Gb  main.o [1]
_A_SPI_CR2              0x005201    0x1  Data  Gb  main.o [1]
_A_SPI_SR               0x005203    0x1  Data  Gb  main.o [1]
_A_TIM2_CR1             0x005300    0x1  Data  Gb  main.o [1]
_A_TIM2_IER             0x005303    0x1  Data  Gb  main.o [1]
_A_TIM2_PSCR            0x00530e    0x1  Data  Gb  main.o [1]
_A_TIM2_SR1             0x005304    0x1  Data  Gb  main.o [1]
__exit                  0x0082cc    0x2  Code  Gb  xxexit.o [3]
__iar_copy_init2        0x0081e8         Code  Gb  init_small.o [4]
__iar_data_init2        0x008286   0x14  Code  Gb  init.o [4]
__iar_program_start     0x00829a         Code  Gb  cstartup.o [4]
__iar_unhandled_exception
                        0x0082c9         Code  Gb  unhandled_exception.o [4]
__iar_zero_init2        0x008268         Code  Gb  init_small.o [4]
__intvec                0x008000         Data  Gb  interrupt.o [4]
__low_level_init        0x0082c3    0x3  Code  Gb  low_level_init.o [4]
_exit                   0x0082bb         Code  Gb  cexit.o [4]
_interrupt_15           0x008210         Code  Gb  main.o [1]
bien                    0x00000d  0x100  Data  Gb  main.o [1]
day_data_led            0x008197   0x51  Code  Gb  main.o [1]
exit                    0x0082c6    0x3  Code  Gb  exit.o [4]
main                    0x0082ad    0x8  Code  Gb  main.o [1]
matrix_led              0x00010d   0x28  Data  Gb  main.o [1]
my_hanler               0x008210   0x24  Code  Gb  main.o [1]
my_hanler::scan_led     0x00000c    0x1  Data  Lc  main.o [1]
quet_led                0x008126   0x71  Code  Gb  main.o [1]
reset_data              0x008234   0x22  Code  Gb  main.o [1]


[1] = C:\Users\duy\Desktop\Hoc_Nhung\STM_8S\Bai_3\Release\Obj
[2] = command line
[3] = dbgstm8smn.a
[4] = dlstm8smn.a

  572 bytes of readonly  code memory
  147 bytes of readonly  data memory
  565 bytes of readwrite data memory (+ 24 absolute)

Errors: none
Warnings: none
